// Vitest Snapshot v1, https://vitest.dev/guide/snapshot.html

exports[`CanvasKitRenderer > should render a scene with a rectangle and a circle 1`] = `
[
  {
    "props": {
      "height": 150,
      "width": 300,
      "x": 0,
      "y": 0,
    },
    "transform": [
      1,
      0,
      0,
      1,
      0,
      0,
    ],
    "type": "clearRect",
  },
  {
    "props": {
      "height": 100,
      "width": 50,
      "x": 10,
      "y": 20,
    },
    "transform": [
      1,
      0,
      0,
      1,
      0,
      0,
    ],
    "type": "fillRect",
  },
  {
    "props": {
      "fillRule": "nonzero",
      "path": [
        {
          "props": {},
          "transform": [
            1,
            0,
            0,
            1,
            0,
            0,
          ],
          "type": "beginPath",
        },
        {
          "props": {
            "anticlockwise": false,
            "endAngle": 6.283185307179586,
            "radius": 25,
            "startAngle": 0,
            "x": 30,
            "y": 40,
          },
          "transform": [
            1,
            0,
            0,
            1,
            0,
            0,
          ],
          "type": "arc",
        },
      ],
    },
    "transform": [
      1,
      0,
      0,
      1,
      0,
      0,
    ],
    "type": "fill",
  },
]
`;
